[train] train=965193 val=9749 vocab=182 len=96 n_feat=10
[train] params 61.2M
[0 200/75400] loss 4.0317 lr 2.98e-05 0.5m
[0 400/75400] loss 2.8447 lr 5.98e-05 1.0m
[0 600/75400] loss 2.2836 lr 8.98e-05 1.6m
[0 800/75400] loss 1.9891 lr 1.20e-04 2.1m
[0 1000/75400] loss 1.8054 lr 1.50e-04 2.6m
[0 1200/75400] loss 1.6783 lr 1.80e-04 3.1m
[0 1400/75400] loss 1.5824 lr 2.10e-04 3.6m
[0 1600/75400] loss 1.5086 lr 2.40e-04 4.1m
[0 1800/75400] loss 1.4493 lr 2.70e-04 4.6m
[1 2000/75400] loss 0.9624 lr 3.00e-04 5.2m
[1 2200/75400] loss 0.9518 lr 3.00e-04 5.7m
[1 2400/75400] loss 0.9409 lr 3.00e-04 6.2m
[1 2600/75400] loss 0.9280 lr 3.00e-04 6.7m
[1 2800/75400] loss 0.9058 lr 3.00e-04 7.2m
[1 3000/75400] loss 0.8749 lr 3.00e-04 7.8m
[1 3200/75400] loss 0.8402 lr 3.00e-04 8.3m
[1 3400/75400] loss 0.8059 lr 3.00e-04 8.8m
[1 3600/75400] loss 0.7742 lr 3.00e-04 9.3m
[2 3800/75400] loss 0.4709 lr 3.00e-04 9.9m
[2 4000/75400] loss 0.4622 lr 2.99e-04 10.4m
  >> val 0.4238 | validity 0.943 polymer_valid 0.135 uniqueness 1.000 novelty 1.000
[2 4200/75400] loss 0.4528 lr 2.99e-04 11.2m
[2 4400/75400] loss 0.4436 lr 2.99e-04 11.7m
[2 4600/75400] loss 0.4366 lr 2.99e-04 12.2m
[2 4800/75400] loss 0.4298 lr 2.99e-04 12.8m
[2 5000/75400] loss 0.4236 lr 2.99e-04 13.3m
[2 5200/75400] loss 0.4184 lr 2.99e-04 13.8m
[2 5400/75400] loss 0.4134 lr 2.98e-04 14.3m
[2 5600/75400] loss 0.4089 lr 2.98e-04 14.8m
[3 5800/75400] loss 0.3663 lr 2.98e-04 15.4m
[3 6000/75400] loss 0.3631 lr 2.98e-04 15.9m
[3 6200/75400] loss 0.3602 lr 2.98e-04 16.4m
[3 6400/75400] loss 0.3570 lr 2.97e-04 16.9m
[3 6600/75400] loss 0.3546 lr 2.97e-04 17.4m
[3 6800/75400] loss 0.3524 lr 2.97e-04 18.0m
[3 7000/75400] loss 0.3502 lr 2.97e-04 18.5m
[3 7200/75400] loss 0.3483 lr 2.96e-04 19.0m
[3 7400/75400] loss 0.3464 lr 2.96e-04 19.5m
[4 7600/75400] loss 0.3279 lr 2.96e-04 20.0m
[4 7800/75400] loss 0.3251 lr 2.96e-04 20.6m
[4 8000/75400] loss 0.3239 lr 2.95e-04 21.1m
  >> val 0.2918 | validity 0.988 polymer_valid 0.645 uniqueness 1.000 novelty 0.991
[4 8200/75400] loss 0.3220 lr 2.95e-04 21.9m
[4 8400/75400] loss 0.3210 lr 2.95e-04 22.4m
[4 8600/75400] loss 0.3197 lr 2.94e-04 22.9m
[4 8800/75400] loss 0.3184 lr 2.94e-04 23.4m
[4 9000/75400] loss 0.3172 lr 2.94e-04 24.0m
[4 9200/75400] loss 0.3159 lr 2.93e-04 24.5m
[4 9400/75400] loss 0.3148 lr 2.93e-04 25.0m
[5 9600/75400] loss 0.3023 lr 2.93e-04 25.5m
[5 9800/75400] loss 0.3018 lr 2.92e-04 26.1m
[5 10000/75400] loss 0.3009 lr 2.92e-04 26.6m
[5 10200/75400] loss 0.3005 lr 2.91e-04 27.1m
[5 10400/75400] loss 0.2995 lr 2.91e-04 27.6m
[5 10600/75400] loss 0.2985 lr 2.90e-04 28.1m
[5 10800/75400] loss 0.2978 lr 2.90e-04 28.6m
[5 11000/75400] loss 0.2969 lr 2.90e-04 29.2m
[5 11200/75400] loss 0.2961 lr 2.89e-04 29.7m
[6 11400/75400] loss 0.2853 lr 2.89e-04 30.2m
[6 11600/75400] loss 0.2867 lr 2.88e-04 30.7m
[6 11800/75400] loss 0.2865 lr 2.88e-04 31.3m
[6 12000/75400] loss 0.2863 lr 2.87e-04 31.8m
  >> val 0.2566 | validity 0.986 polymer_valid 0.785 uniqueness 1.000 novelty 0.988
[6 12200/75400] loss 0.2857 lr 2.87e-04 32.6m
[6 12400/75400] loss 0.2852 lr 2.86e-04 33.2m
[6 12600/75400] loss 0.2848 lr 2.86e-04 33.7m
[6 12800/75400] loss 0.2842 lr 2.85e-04 34.2m
[6 13000/75400] loss 0.2836 lr 2.84e-04 34.7m
[7 13200/75400] loss 0.2796 lr 2.84e-04 35.3m
[7 13400/75400] loss 0.2772 lr 2.83e-04 35.8m
[7 13600/75400] loss 0.2768 lr 2.83e-04 36.3m
[7 13800/75400] loss 0.2762 lr 2.82e-04 36.8m
[7 14000/75400] loss 0.2758 lr 2.82e-04 37.3m
[7 14200/75400] loss 0.2750 lr 2.81e-04 37.9m
[7 14400/75400] loss 0.2748 lr 2.80e-04 38.4m
[7 14600/75400] loss 0.2743 lr 2.80e-04 38.9m
[7 14800/75400] loss 0.2738 lr 2.79e-04 39.4m
[7 15000/75400] loss 0.2733 lr 2.79e-04 39.9m
[8 15200/75400] loss 0.2675 lr 2.78e-04 40.5m
[8 15400/75400] loss 0.2675 lr 2.77e-04 41.0m
[8 15600/75400] loss 0.2667 lr 2.77e-04 41.5m
[8 15800/75400] loss 0.2671 lr 2.76e-04 42.0m
[8 16000/75400] loss 0.2664 lr 2.75e-04 42.5m
  >> val 0.2399 | validity 0.988 polymer_valid 0.791 uniqueness 1.000 novelty 0.975
[8 16200/75400] loss 0.2659 lr 2.74e-04 43.4m
[8 16400/75400] loss 0.2658 lr 2.74e-04 43.9m
[8 16600/75400] loss 0.2653 lr 2.73e-04 44.4m
[8 16800/75400] loss 0.2650 lr 2.72e-04 44.9m
[9 17000/75400] loss 0.2580 lr 2.72e-04 45.5m
[9 17200/75400] loss 0.2601 lr 2.71e-04 46.0m
[9 17400/75400] loss 0.2594 lr 2.70e-04 46.5m
[9 17600/75400] loss 0.2591 lr 2.69e-04 47.0m
[9 17800/75400] loss 0.2590 lr 2.69e-04 47.5m
[9 18000/75400] loss 0.2588 lr 2.68e-04 48.1m
[9 18200/75400] loss 0.2585 lr 2.67e-04 48.6m
[9 18400/75400] loss 0.2582 lr 2.66e-04 49.1m
[9 18600/75400] loss 0.2578 lr 2.66e-04 49.6m
[9 18800/75400] loss 0.2576 lr 2.65e-04 50.1m
[10 19000/75400] loss 0.2577 lr 2.64e-04 50.7m
[10 19200/75400] loss 0.2557 lr 2.63e-04 51.2m
[10 19400/75400] loss 0.2551 lr 2.62e-04 51.7m
[10 19600/75400] loss 0.2541 lr 2.61e-04 52.2m
[10 19800/75400] loss 0.2534 lr 2.61e-04 52.8m
[10 20000/75400] loss 0.2532 lr 2.60e-04 53.3m
  >> val 0.2252 | validity 0.988 polymer_valid 0.793 uniqueness 1.000 novelty 0.968
[10 20200/75400] loss 0.2530 lr 2.59e-04 54.1m
[10 20400/75400] loss 0.2529 lr 2.58e-04 54.6m
[10 20600/75400] loss 0.2526 lr 2.57e-04 55.1m
[11 20800/75400] loss 0.2496 lr 2.56e-04 55.7m
[11 21000/75400] loss 0.2485 lr 2.55e-04 56.2m
[11 21200/75400] loss 0.2485 lr 2.55e-04 56.7m
[11 21400/75400] loss 0.2480 lr 2.54e-04 57.2m
[11 21600/75400] loss 0.2477 lr 2.53e-04 57.8m
[11 21800/75400] loss 0.2476 lr 2.52e-04 58.3m
[11 22000/75400] loss 0.2473 lr 2.51e-04 58.8m
[11 22200/75400] loss 0.2471 lr 2.50e-04 59.3m
[11 22400/75400] loss 0.2469 lr 2.49e-04 59.8m
[11 22600/75400] loss 0.2467 lr 2.48e-04 60.4m
[12 22800/75400] loss 0.2428 lr 2.47e-04 60.9m
[12 23000/75400] loss 0.2432 lr 2.46e-04 61.4m
[12 23200/75400] loss 0.2426 lr 2.45e-04 62.0m
[12 23400/75400] loss 0.2426 lr 2.44e-04 62.5m
[12 23600/75400] loss 0.2424 lr 2.43e-04 63.0m
[12 23800/75400] loss 0.2422 lr 2.42e-04 63.5m
[12 24000/75400] loss 0.2421 lr 2.41e-04 64.1m
  >> val 0.2139 | validity 0.988 polymer_valid 0.834 uniqueness 1.000 novelty 0.967
[12 24200/75400] loss 0.2418 lr 2.40e-04 64.9m
[12 24400/75400] loss 0.2417 lr 2.39e-04 65.4m
[13 24600/75400] loss 0.2380 lr 2.38e-04 66.0m
[13 24800/75400] loss 0.2382 lr 2.37e-04 66.5m
[13 25000/75400] loss 0.2386 lr 2.36e-04 67.0m
[13 25200/75400] loss 0.2384 lr 2.35e-04 67.5m
[13 25400/75400] loss 0.2385 lr 2.34e-04 68.0m
[13 25600/75400] loss 0.2382 lr 2.33e-04 68.6m
[13 25800/75400] loss 0.2381 lr 2.32e-04 69.1m
[13 26000/75400] loss 0.2380 lr 2.31e-04 69.6m
[13 26200/75400] loss 0.2377 lr 2.30e-04 70.1m
[14 26400/75400] loss 0.2387 lr 2.29e-04 70.7m
[14 26600/75400] loss 0.2366 lr 2.28e-04 71.2m
[14 26800/75400] loss 0.2357 lr 2.27e-04 71.7m
[14 27000/75400] loss 0.2354 lr 2.26e-04 72.2m
[14 27200/75400] loss 0.2351 lr 2.25e-04 72.8m
[14 27400/75400] loss 0.2345 lr 2.24e-04 73.3m
[14 27600/75400] loss 0.2342 lr 2.23e-04 73.8m
[14 27800/75400] loss 0.2339 lr 2.22e-04 74.3m
[14 28000/75400] loss 0.2337 lr 2.21e-04 74.9m
  >> val 0.2013 | validity 0.986 polymer_valid 0.840 uniqueness 1.000 novelty 0.963
[14 28200/75400] loss 0.2335 lr 2.19e-04 75.7m
[15 28400/75400] loss 0.2297 lr 2.18e-04 76.2m
[15 28600/75400] loss 0.2297 lr 2.17e-04 76.7m
[15 28800/75400] loss 0.2302 lr 2.16e-04 77.3m
[15 29000/75400] loss 0.2300 lr 2.15e-04 77.8m
[15 29200/75400] loss 0.2301 lr 2.14e-04 78.3m
[15 29400/75400] loss 0.2300 lr 2.13e-04 78.8m
[15 29600/75400] loss 0.2298 lr 2.12e-04 79.3m
[15 29800/75400] loss 0.2299 lr 2.10e-04 79.8m
[15 30000/75400] loss 0.2297 lr 2.09e-04 80.4m
[16 30200/75400] loss 0.2288 lr 2.08e-04 80.9m
[16 30400/75400] loss 0.2279 lr 2.07e-04 81.4m
[16 30600/75400] loss 0.2278 lr 2.06e-04 81.9m
[16 30800/75400] loss 0.2278 lr 2.05e-04 82.5m
[16 31000/75400] loss 0.2277 lr 2.04e-04 83.0m
[16 31200/75400] loss 0.2278 lr 2.02e-04 83.5m
[16 31400/75400] loss 0.2277 lr 2.01e-04 84.0m
[16 31600/75400] loss 0.2276 lr 2.00e-04 84.5m
[16 31800/75400] loss 0.2272 lr 1.99e-04 85.1m
[16 32000/75400] loss 0.2272 lr 1.98e-04 85.6m
  >> val 0.1928 | validity 0.996 polymer_valid 0.854 uniqueness 1.000 novelty 0.952
[17 32200/75400] loss 0.2237 lr 1.97e-04 86.4m
[17 32400/75400] loss 0.2241 lr 1.95e-04 86.9m
[17 32600/75400] loss 0.2246 lr 1.94e-04 87.5m
[17 32800/75400] loss 0.2243 lr 1.93e-04 88.0m
[17 33000/75400] loss 0.2241 lr 1.92e-04 88.5m
[17 33200/75400] loss 0.2239 lr 1.91e-04 89.0m
[17 33400/75400] loss 0.2237 lr 1.90e-04 89.5m
[17 33600/75400] loss 0.2235 lr 1.88e-04 90.1m
[17 33800/75400] loss 0.2234 lr 1.87e-04 90.6m
[18 34000/75400] loss 0.2222 lr 1.86e-04 91.1m
[18 34200/75400] loss 0.2212 lr 1.85e-04 91.6m
[18 34400/75400] loss 0.2207 lr 1.84e-04 92.2m
[18 34600/75400] loss 0.2206 lr 1.82e-04 92.7m
[18 34800/75400] loss 0.2208 lr 1.81e-04 93.2m
[18 35000/75400] loss 0.2207 lr 1.80e-04 93.7m
[18 35200/75400] loss 0.2203 lr 1.79e-04 94.2m
[18 35400/75400] loss 0.2203 lr 1.78e-04 94.8m
[18 35600/75400] loss 0.2203 lr 1.76e-04 95.3m
[18 35800/75400] loss 0.2202 lr 1.75e-04 95.8m
[19 36000/75400] loss 0.2169 lr 1.74e-04 96.3m
  >> val 0.1896 | validity 0.996 polymer_valid 0.854 uniqueness 1.000 novelty 0.952
[19 36200/75400] loss 0.2180 lr 1.73e-04 97.2m
[19 36400/75400] loss 0.2182 lr 1.72e-04 97.7m
[19 36600/75400] loss 0.2183 lr 1.70e-04 98.2m
[19 36800/75400] loss 0.2180 lr 1.69e-04 98.7m
[19 37000/75400] loss 0.2178 lr 1.68e-04 99.2m
[19 37200/75400] loss 0.2177 lr 1.67e-04 99.8m
[19 37400/75400] loss 0.2175 lr 1.65e-04 100.3m
[19 37600/75400] loss 0.2174 lr 1.64e-04 100.8m
[20 37800/75400] loss 0.2144 lr 1.63e-04 101.4m
[20 38000/75400] loss 0.2144 lr 1.62e-04 101.9m
[20 38200/75400] loss 0.2148 lr 1.61e-04 102.4m
[20 38400/75400] loss 0.2148 lr 1.59e-04 102.9m
[20 38600/75400] loss 0.2148 lr 1.58e-04 103.4m
[20 38800/75400] loss 0.2148 lr 1.57e-04 104.0m
[20 39000/75400] loss 0.2147 lr 1.56e-04 104.5m
[20 39200/75400] loss 0.2147 lr 1.54e-04 105.0m
[20 39400/75400] loss 0.2145 lr 1.53e-04 105.5m
[21 39600/75400] loss 0.2083 lr 1.52e-04 106.1m
[21 39800/75400] loss 0.2131 lr 1.51e-04 106.6m
[21 40000/75400] loss 0.2130 lr 1.50e-04 107.1m
  >> val 0.1810 | validity 0.996 polymer_valid 0.846 uniqueness 0.998 novelty 0.947
[21 40200/75400] loss 0.2132 lr 1.48e-04 107.9m
[21 40400/75400] loss 0.2130 lr 1.47e-04 108.5m
[21 40600/75400] loss 0.2130 lr 1.46e-04 109.0m
[21 40800/75400] loss 0.2131 lr 1.45e-04 109.5m
[21 41000/75400] loss 0.2129 lr 1.44e-04 110.0m
[21 41200/75400] loss 0.2127 lr 1.42e-04 110.5m
[21 41400/75400] loss 0.2125 lr 1.41e-04 111.1m
[22 41600/75400] loss 0.2093 lr 1.40e-04 111.6m
[22 41800/75400] loss 0.2097 lr 1.39e-04 112.1m
[22 42000/75400] loss 0.2103 lr 1.37e-04 112.7m
[22 42200/75400] loss 0.2104 lr 1.36e-04 113.2m
[22 42400/75400] loss 0.2104 lr 1.35e-04 113.7m
[22 42600/75400] loss 0.2103 lr 1.34e-04 114.2m
[22 42800/75400] loss 0.2100 lr 1.33e-04 114.7m
[22 43000/75400] loss 0.2097 lr 1.31e-04 115.3m
[22 43200/75400] loss 0.2096 lr 1.30e-04 115.8m
[23 43400/75400] loss 0.2088 lr 1.29e-04 116.3m
[23 43600/75400] loss 0.2097 lr 1.28e-04 116.8m
[23 43800/75400] loss 0.2094 lr 1.27e-04 117.4m
[23 44000/75400] loss 0.2087 lr 1.25e-04 117.9m
  >> val 0.1814 | validity 0.984 polymer_valid 0.861 uniqueness 1.000 novelty 0.955
[23 44200/75400] loss 0.2085 lr 1.24e-04 118.7m
[23 44400/75400] loss 0.2082 lr 1.23e-04 119.2m
[23 44600/75400] loss 0.2082 lr 1.22e-04 119.7m
[23 44800/75400] loss 0.2081 lr 1.21e-04 120.3m
[23 45000/75400] loss 0.2077 lr 1.20e-04 120.8m
[23 45200/75400] loss 0.2075 lr 1.18e-04 121.3m
[24 45400/75400] loss 0.2061 lr 1.17e-04 121.8m
[24 45600/75400] loss 0.2065 lr 1.16e-04 122.4m
[24 45800/75400] loss 0.2064 lr 1.15e-04 122.9m
[24 46000/75400] loss 0.2062 lr 1.14e-04 123.4m
[24 46200/75400] loss 0.2060 lr 1.13e-04 123.9m
[24 46400/75400] loss 0.2057 lr 1.11e-04 124.4m
[24 46600/75400] loss 0.2054 lr 1.10e-04 125.0m
[24 46800/75400] loss 0.2055 lr 1.09e-04 125.5m
[24 47000/75400] loss 0.2053 lr 1.08e-04 126.0m
[25 47200/75400] loss 0.2056 lr 1.07e-04 126.5m
[25 47400/75400] loss 0.2028 lr 1.06e-04 127.1m
[25 47600/75400] loss 0.2032 lr 1.05e-04 127.6m
[25 47800/75400] loss 0.2032 lr 1.03e-04 128.1m
[25 48000/75400] loss 0.2034 lr 1.02e-04 128.6m
  >> val 0.1715 | validity 0.992 polymer_valid 0.857 uniqueness 1.000 novelty 0.952
[25 48200/75400] loss 0.2035 lr 1.01e-04 129.4m
[25 48400/75400] loss 0.2032 lr 1.00e-04 130.0m
[25 48600/75400] loss 0.2032 lr 9.89e-05 130.5m
[25 48800/75400] loss 0.2031 lr 9.78e-05 131.0m
[25 49000/75400] loss 0.2030 lr 9.67e-05 131.5m
[26 49200/75400] loss 0.2020 lr 9.56e-05 132.1m
[26 49400/75400] loss 0.2017 lr 9.45e-05 132.6m
[26 49600/75400] loss 0.2016 lr 9.34e-05 133.1m
[26 49800/75400] loss 0.2017 lr 9.23e-05 133.6m
[26 50000/75400] loss 0.2015 lr 9.12e-05 134.2m
[26 50200/75400] loss 0.2016 lr 9.02e-05 134.7m
[26 50400/75400] loss 0.2014 lr 8.91e-05 135.2m
[26 50600/75400] loss 0.2014 lr 8.80e-05 135.7m
[26 50800/75400] loss 0.2014 lr 8.70e-05 136.2m
[27 51000/75400] loss 0.2012 lr 8.59e-05 136.8m
[27 51200/75400] loss 0.2005 lr 8.49e-05 137.3m
[27 51400/75400] loss 0.2004 lr 8.38e-05 137.9m
[27 51600/75400] loss 0.2002 lr 8.28e-05 138.4m
[27 51800/75400] loss 0.2001 lr 8.17e-05 138.9m
[27 52000/75400] loss 0.1998 lr 8.07e-05 139.4m
  >> val 0.1693 | validity 0.994 polymer_valid 0.842 uniqueness 1.000 novelty 0.961
[27 52200/75400] loss 0.1997 lr 7.97e-05 140.2m
[27 52400/75400] loss 0.1997 lr 7.87e-05 140.8m
[27 52600/75400] loss 0.1997 lr 7.76e-05 141.3m
[28 52800/75400] loss 0.1986 lr 7.66e-05 141.8m
[28 53000/75400] loss 0.1979 lr 7.56e-05 142.4m
[28 53200/75400] loss 0.1985 lr 7.46e-05 142.9m
[28 53400/75400] loss 0.1981 lr 7.36e-05 143.4m
[28 53600/75400] loss 0.1979 lr 7.27e-05 143.9m
[28 53800/75400] loss 0.1976 lr 7.17e-05 144.4m
[28 54000/75400] loss 0.1973 lr 7.07e-05 145.0m
[28 54200/75400] loss 0.1975 lr 6.98e-05 145.5m
[28 54400/75400] loss 0.1976 lr 6.88e-05 146.0m
[28 54600/75400] loss 0.1976 lr 6.78e-05 146.5m
[29 54800/75400] loss 0.1981 lr 6.69e-05 147.1m
[29 55000/75400] loss 0.1973 lr 6.60e-05 147.6m
[29 55200/75400] loss 0.1969 lr 6.50e-05 148.1m
[29 55400/75400] loss 0.1969 lr 6.41e-05 148.6m
[29 55600/75400] loss 0.1966 lr 6.32e-05 149.1m
[29 55800/75400] loss 0.1964 lr 6.23e-05 149.7m
[29 56000/75400] loss 0.1962 lr 6.14e-05 150.2m
  >> val 0.1675 | validity 0.992 polymer_valid 0.859 uniqueness 1.000 novelty 0.945
[29 56200/75400] loss 0.1959 lr 6.05e-05 151.0m
[29 56400/75400] loss 0.1960 lr 5.96e-05 151.5m
[30 56600/75400] loss 0.1935 lr 5.87e-05 152.1m
[30 56800/75400] loss 0.1949 lr 5.78e-05 152.6m
[30 57000/75400] loss 0.1949 lr 5.70e-05 153.1m
[30 57200/75400] loss 0.1949 lr 5.61e-05 153.6m
[30 57400/75400] loss 0.1949 lr 5.52e-05 154.1m
[30 57600/75400] loss 0.1947 lr 5.44e-05 154.7m
[30 57800/75400] loss 0.1946 lr 5.36e-05 155.2m
[30 58000/75400] loss 0.1945 lr 5.27e-05 155.7m
[30 58200/75400] loss 0.1946 lr 5.19e-05 156.2m
[30 58400/75400] loss 0.1945 lr 5.11e-05 156.7m
[31 58600/75400] loss 0.1938 lr 5.03e-05 157.3m
[31 58800/75400] loss 0.1943 lr 4.95e-05 157.8m
[31 59000/75400] loss 0.1940 lr 4.87e-05 158.3m
[31 59200/75400] loss 0.1938 lr 4.79e-05 158.8m
[31 59400/75400] loss 0.1937 lr 4.71e-05 159.3m
[31 59600/75400] loss 0.1936 lr 4.64e-05 159.9m
[31 59800/75400] loss 0.1933 lr 4.56e-05 160.4m
[31 60000/75400] loss 0.1933 lr 4.49e-05 160.9m
  >> val 0.1623 | validity 0.994 polymer_valid 0.887 uniqueness 1.000 novelty 0.938
[31 60200/75400] loss 0.1932 lr 4.41e-05 161.7m
[32 60400/75400] loss 0.1913 lr 4.34e-05 162.3m
[32 60600/75400] loss 0.1923 lr 4.27e-05 162.8m
[32 60800/75400] loss 0.1916 lr 4.19e-05 163.3m
[32 61000/75400] loss 0.1919 lr 4.12e-05 163.8m
[32 61200/75400] loss 0.1918 lr 4.05e-05 164.4m
[32 61400/75400] loss 0.1919 lr 3.98e-05 164.9m
[32 61600/75400] loss 0.1918 lr 3.91e-05 165.4m
[32 61800/75400] loss 0.1916 lr 3.85e-05 165.9m
[32 62000/75400] loss 0.1914 lr 3.78e-05 166.4m
[32 62200/75400] loss 0.1915 lr 3.71e-05 166.9m
[33 62400/75400] loss 0.1910 lr 3.65e-05 167.5m
[33 62600/75400] loss 0.1908 lr 3.59e-05 168.0m
[33 62800/75400] loss 0.1916 lr 3.52e-05 168.5m
[33 63000/75400] loss 0.1913 lr 3.46e-05 169.0m
[33 63200/75400] loss 0.1910 lr 3.40e-05 169.6m
[33 63400/75400] loss 0.1911 lr 3.34e-05 170.1m
[33 63600/75400] loss 0.1911 lr 3.28e-05 170.6m
[33 63800/75400] loss 0.1911 lr 3.22e-05 171.1m
[33 64000/75400] loss 0.1911 lr 3.16e-05 171.6m
  >> val 0.1614 | validity 0.992 polymer_valid 0.857 uniqueness 1.000 novelty 0.945
[34 64200/75400] loss 0.1902 lr 3.11e-05 172.5m
[34 64400/75400] loss 0.1898 lr 3.05e-05 173.0m
[34 64600/75400] loss 0.1897 lr 3.00e-05 173.5m
[34 64800/75400] loss 0.1900 lr 2.94e-05 174.0m
[34 65000/75400] loss 0.1900 lr 2.89e-05 174.5m
[34 65200/75400] loss 0.1900 lr 2.84e-05 175.0m
[34 65400/75400] loss 0.1900 lr 2.79e-05 175.6m
[34 65600/75400] loss 0.1898 lr 2.74e-05 176.1m
[34 65800/75400] loss 0.1896 lr 2.69e-05 176.6m
[35 66000/75400] loss 0.1872 lr 2.64e-05 177.1m
[35 66200/75400] loss 0.1889 lr 2.59e-05 177.6m
[35 66400/75400] loss 0.1883 lr 2.54e-05 178.2m
[35 66600/75400] loss 0.1883 lr 2.50e-05 178.7m
[35 66800/75400] loss 0.1886 lr 2.45e-05 179.2m
[35 67000/75400] loss 0.1886 lr 2.41e-05 179.7m
[35 67200/75400] loss 0.1884 lr 2.37e-05 180.2m
[35 67400/75400] loss 0.1884 lr 2.33e-05 180.7m
[35 67600/75400] loss 0.1884 lr 2.29e-05 181.3m
[35 67800/75400] loss 0.1884 lr 2.25e-05 181.8m
[36 68000/75400] loss 0.1878 lr 2.21e-05 182.3m
  >> val 0.1571 | validity 0.996 polymer_valid 0.848 uniqueness 1.000 novelty 0.947
[36 68200/75400] loss 0.1883 lr 2.17e-05 183.1m
[36 68400/75400] loss 0.1878 lr 2.13e-05 183.6m
[36 68600/75400] loss 0.1880 lr 2.10e-05 184.2m
[36 68800/75400] loss 0.1881 lr 2.06e-05 184.7m
[36 69000/75400] loss 0.1879 lr 2.03e-05 185.2m
[36 69200/75400] loss 0.1879 lr 2.00e-05 185.7m
[36 69400/75400] loss 0.1879 lr 1.97e-05 186.2m
[36 69600/75400] loss 0.1879 lr 1.94e-05 186.7m
[37 69800/75400] loss 0.1879 lr 1.91e-05 187.3m
[37 70000/75400] loss 0.1875 lr 1.88e-05 187.8m
[37 70200/75400] loss 0.1875 lr 1.85e-05 188.3m
[37 70400/75400] loss 0.1875 lr 1.83e-05 188.8m
[37 70600/75400] loss 0.1876 lr 1.80e-05 189.4m
[37 70800/75400] loss 0.1875 lr 1.78e-05 189.9m
[37 71000/75400] loss 0.1876 lr 1.75e-05 190.4m
[37 71200/75400] loss 0.1876 lr 1.73e-05 190.9m
[37 71400/75400] loss 0.1875 lr 1.71e-05 191.4m
[37 71600/75400] loss 0.1875 lr 1.69e-05 192.0m
[38 71800/75400] loss 0.1878 lr 1.67e-05 192.5m
[38 72000/75400] loss 0.1881 lr 1.65e-05 193.0m
  >> val 0.1560 | validity 0.990 polymer_valid 0.838 uniqueness 1.000 novelty 0.949
[38 72200/75400] loss 0.1877 lr 1.63e-05 193.8m
[38 72400/75400] loss 0.1877 lr 1.62e-05 194.3m
[38 72600/75400] loss 0.1873 lr 1.60e-05 194.9m
[38 72800/75400] loss 0.1872 lr 1.59e-05 195.4m
[38 73000/75400] loss 0.1872 lr 1.58e-05 195.9m
[38 73200/75400] loss 0.1872 lr 1.56e-05 196.4m
[38 73400/75400] loss 0.1872 lr 1.55e-05 196.9m
[39 73600/75400] loss 0.1854 lr 1.54e-05 197.5m
[39 73800/75400] loss 0.1870 lr 1.53e-05 198.0m
[39 74000/75400] loss 0.1868 lr 1.53e-05 198.5m
[39 74200/75400] loss 0.1870 lr 1.52e-05 199.0m
[39 74400/75400] loss 0.1868 lr 1.51e-05 199.5m
[39 74600/75400] loss 0.1867 lr 1.51e-05 200.0m
[39 74800/75400] loss 0.1867 lr 1.50e-05 200.6m
[39 75000/75400] loss 0.1867 lr 1.50e-05 201.1m
[39 75200/75400] loss 0.1866 lr 1.50e-05 201.6m
[39 75400/75400] loss 0.1866 lr 1.50e-05 202.1m
  >> val 0.1566 | validity 0.994 polymer_valid 0.857 uniqueness 1.000 novelty 0.938
[train] done, best val 0.1560
